// Jest Snapshot v1, https://goo.gl/fbAQLP

exports[`Button matches snapshot 1`] = `
.emotion-0 {
  background-color: var(--color-primary);
  border-radius: 10px;
  outline: none;
  border: none;
  color: #ffffff;
  font-weight: bold;
  cursor: pointer;
  display: -webkit-box;
  display: -webkit-flex;
  display: -ms-flexbox;
  display: flex;
  -webkit-align-items: center;
  -webkit-box-align: center;
  -ms-flex-align: center;
  align-items: center;
  -webkit-box-pack: center;
  -ms-flex-pack: center;
  -webkit-justify-content: center;
  justify-content: center;
  font-size: 18px;
  height: 44px;
  width: 44px;
}

<button
  className="emotion-0"
>
  hi
</button>
`;
